[  844471ms] [ERROR] WebSocket connection to 'ws://localhost:8001/api/exercises/17/ws?role=player&participant_id=2169262d-6a93-48f0-ac87-01afccf543fd' failed: Error in connection establishment: net::ERR_CONNECTION_REFUSED @ http://localhost:4201/chunk-NNDP7MPM.js:53
[  849464ms] [ERROR] WebSocket connection to 'ws://localhost:8001/api/exercises/17/ws?role=player&participant_id=2169262d-6a93-48f0-ac87-01afccf543fd' failed: Error in connection establishment: net::ERR_CONNECTION_REFUSED @ http://localhost:4201/chunk-NNDP7MPM.js:53
[  858764ms] [ERROR] WebSocket connection to 'ws://localhost:8001/api/exercises/17/ws?role=player&participant_id=2169262d-6a93-48f0-ac87-01afccf543fd' failed: Error in connection establishment: net::ERR_CONNECTION_REFUSED @ http://localhost:4201/chunk-NNDP7MPM.js:53
[  869801ms] [ERROR] WebSocket connection to 'ws://localhost:8001/api/exercises/17/ws?role=player&participant_id=2169262d-6a93-48f0-ac87-01afccf543fd' failed: Error in connection establishment: net::ERR_CONNECTION_REFUSED @ http://localhost:4201/chunk-NNDP7MPM.js:53
[  887683ms] [ERROR] WebSocket connection to 'ws://localhost:8001/api/exercises/17/ws?role=player&participant_id=2169262d-6a93-48f0-ac87-01afccf543fd' failed: Error in connection establishment: net::ERR_CONNECTION_REFUSED @ http://localhost:4201/chunk-NNDP7MPM.js:53
[  907961ms] [ERROR] WebSocket connection to 'ws://localhost:8001/api/exercises/17/ws?role=player&participant_id=2169262d-6a93-48f0-ac87-01afccf543fd' failed: Error in connection establishment: net::ERR_CONNECTION_REFUSED @ http://localhost:4201/chunk-NNDP7MPM.js:53
[  928265ms] [ERROR] WebSocket connection to 'ws://localhost:8001/api/exercises/17/ws?role=player&participant_id=2169262d-6a93-48f0-ac87-01afccf543fd' failed: Error in connection establishment: net::ERR_CONNECTION_REFUSED @ http://localhost:4201/chunk-NNDP7MPM.js:53
[  946475ms] [ERROR] WebSocket connection to 'ws://localhost:8001/api/exercises/17/ws?role=player&participant_id=2169262d-6a93-48f0-ac87-01afccf543fd' failed: Error in connection establishment: net::ERR_CONNECTION_REFUSED @ http://localhost:4201/chunk-NNDP7MPM.js:53
[  965650ms] [ERROR] WebSocket connection to 'ws://localhost:8001/api/exercises/17/ws?role=player&participant_id=2169262d-6a93-48f0-ac87-01afccf543fd' failed: Error in connection establishment: net::ERR_CONNECTION_REFUSED @ http://localhost:4201/chunk-NNDP7MPM.js:53
[  986671ms] [ERROR] WebSocket connection to 'ws://localhost:8001/api/exercises/17/ws?role=player&participant_id=2169262d-6a93-48f0-ac87-01afccf543fd' failed: Error in connection establishment: net::ERR_CONNECTION_REFUSED @ http://localhost:4201/chunk-NNDP7MPM.js:53
[ 1005094ms] [ERROR] Failed to load resource: the server responded with a status of 404 (Not Found) @ http://localhost:8001/api/exercises/17/engine/snapshot:0
[ 1261652ms] [ERROR] WebSocket connection to 'ws://localhost:8001/api/exercises/17/ws?role=player&participant_id=2169262d-6a93-48f0-ac87-01afccf543fd' failed: Error in connection establishment: net::ERR_CONNECTION_REFUSED @ http://localhost:4201/chunk-NNDP7MPM.js:53
[ 1265252ms] [ERROR] WebSocket connection to 'ws://localhost:8001/api/exercises/17/ws?role=player&participant_id=2169262d-6a93-48f0-ac87-01afccf543fd' failed: Error in connection establishment: net::ERR_CONNECTION_REFUSED @ http://localhost:4201/chunk-NNDP7MPM.js:53
[ 1274153ms] [ERROR] WebSocket connection to 'ws://localhost:8001/api/exercises/17/ws?role=player&participant_id=2169262d-6a93-48f0-ac87-01afccf543fd' failed: Error in connection establishment: net::ERR_CONNECTION_REFUSED @ http://localhost:4201/chunk-NNDP7MPM.js:53
[ 1283296ms] [ERROR] WebSocket connection to 'ws://localhost:8001/api/exercises/17/ws?role=player&participant_id=2169262d-6a93-48f0-ac87-01afccf543fd' failed: Error in connection establishment: net::ERR_CONNECTION_REFUSED @ http://localhost:4201/chunk-NNDP7MPM.js:53
[ 1302614ms] [ERROR] WebSocket connection to 'ws://localhost:8001/api/exercises/17/ws?role=player&participant_id=2169262d-6a93-48f0-ac87-01afccf543fd' failed: Error in connection establishment: net::ERR_CONNECTION_REFUSED @ http://localhost:4201/chunk-NNDP7MPM.js:53
[ 1321345ms] [ERROR] WebSocket connection to 'ws://localhost:8001/api/exercises/17/ws?role=player&participant_id=2169262d-6a93-48f0-ac87-01afccf543fd' failed: Error in connection establishment: net::ERR_CONNECTION_REFUSED @ http://localhost:4201/chunk-NNDP7MPM.js:53
[ 1340364ms] [ERROR] WebSocket connection to 'ws://localhost:8001/api/exercises/17/ws?role=player&participant_id=2169262d-6a93-48f0-ac87-01afccf543fd' failed: Error in connection establishment: net::ERR_CONNECTION_REFUSED @ http://localhost:4201/chunk-NNDP7MPM.js:53
[ 1358230ms] [ERROR] WebSocket connection to 'ws://localhost:8001/api/exercises/17/ws?role=player&participant_id=2169262d-6a93-48f0-ac87-01afccf543fd' failed: Error in connection establishment: net::ERR_CONNECTION_REFUSED @ http://localhost:4201/chunk-NNDP7MPM.js:53
[ 1375445ms] [ERROR] WebSocket connection to 'ws://localhost:8001/api/exercises/17/ws?role=player&participant_id=2169262d-6a93-48f0-ac87-01afccf543fd' failed: Error in connection establishment: net::ERR_CONNECTION_REFUSED @ http://localhost:4201/chunk-NNDP7MPM.js:53
[ 1395404ms] [ERROR] WebSocket connection to 'ws://localhost:8001/api/exercises/17/ws?role=player&participant_id=2169262d-6a93-48f0-ac87-01afccf543fd' failed: Error in connection establishment: net::ERR_CONNECTION_REFUSED @ http://localhost:4201/chunk-NNDP7MPM.js:53
[ 1413608ms] [ERROR] WebSocket connection to 'ws://localhost:8001/api/exercises/17/ws?role=player&participant_id=2169262d-6a93-48f0-ac87-01afccf543fd' failed: Error during WebSocket handshake: net::ERR_CONNECTION_RESET @ http://localhost:4201/chunk-NNDP7MPM.js:53
[ 1433271ms] [ERROR] Failed to load resource: the server responded with a status of 404 (Not Found) @ http://localhost:8001/api/exercises/17/engine/snapshot:0
[ 1462475ms] [ERROR] Failed to load resource: the server responded with a status of 404 (Not Found) @ http://localhost:8001/api/exercises/17/engine/snapshot:0
[ 1532423ms] [ERROR] WebSocket connection to 'ws://localhost:8001/api/exercises/17/ws?role=player&participant_id=2169262d-6a93-48f0-ac87-01afccf543fd' failed: Error in connection establishment: net::ERR_CONNECTION_REFUSED @ http://localhost:4201/chunk-NNDP7MPM.js:53
[ 1535875ms] [ERROR] WebSocket connection to 'ws://localhost:8001/api/exercises/17/ws?role=player&participant_id=2169262d-6a93-48f0-ac87-01afccf543fd' failed: Error in connection establishment: net::ERR_CONNECTION_REFUSED @ http://localhost:4201/chunk-NNDP7MPM.js:53
[ 1544253ms] [ERROR] WebSocket connection to 'ws://localhost:8001/api/exercises/17/ws?role=player&participant_id=2169262d-6a93-48f0-ac87-01afccf543fd' failed: Error during WebSocket handshake: net::ERR_CONNECTION_RESET @ http://localhost:4201/chunk-NNDP7MPM.js:53
[ 1558240ms] [ERROR] Failed to load resource: the server responded with a status of 404 (Not Found) @ http://localhost:8001/api/exercises/17/engine/snapshot:0
[ 1558241ms] [ERROR] Failed to load resource: the server responded with a status of 404 (Not Found) @ http://localhost:8001/api/exercises/17/engine/context:0
[ 1558242ms] [ERROR] Failed to load resource: the server responded with a status of 404 (Not Found) @ http://localhost:8001/api/exercises/17/engine/decisions:0
